2026-07-15 15:40:10,628 - INFO - App Exited
2026-07-15 15:40:12,195 - INFO - App Exited
2026-07-15 15:47:19,537 - INFO - Registration Successful
2026-07-15 15:47:28,963 - INFO - user logged in successfully
2026-07-15 15:54:33,488 - INFO - User Already Exists
2026-07-15 15:54:33,488 - INFO - Registration Successful
2026-07-15 15:58:24,916 - INFO - User Already Exists
2026-07-15 15:58:44,220 - INFO - User Already Exists
2026-07-15 16:00:03,224 - INFO - User Already Exists
2026-07-15 16:00:40,951 - INFO - User Already Exists
2026-07-15 16:02:19,741 - INFO - User Already Exists
2026-07-15 16:02:19,741 - INFO - Registration Successful
2026-07-15 16:04:44,547 - INFO - User Already Exists
2026-07-15 16:05:11,210 - INFO - Registration Successful
2026-07-15 16:05:41,815 - ERROR - invalid literal for int() with base 10: 'python -u "c:\\Gurman\\StartAppss\\Python internship backend\\month 1\\project of month 1\\MY PROJECT\\main.py"'
2026-07-15 16:05:53,544 - INFO - User Already Exists
2026-07-15 16:05:53,544 - INFO - Registration Successful
2026-07-15 16:06:12,784 - ERROR - invalid literal for int() with base 10: 'python -u "c:\\Gurman\\StartAppss\\Python internship backend\\month 1\\project of month 1\\MY PROJECT\\main.py"'
2026-07-15 16:06:23,992 - INFO - Registration Successful
2026-07-15 16:06:30,585 - INFO - User Already Exists
2026-07-15 16:06:30,586 - INFO - Registration Successful
2026-07-15 16:08:27,491 - ERROR - invalid literal for int() with base 10: 'python -u "c:\\Gurman\\StartAppss\\Python internship backend\\month 1\\project of month 1\\MY PROJECT\\main.py"'
2026-07-15 16:08:37,143 - INFO - User Already Exists
2026-07-15 16:08:37,143 - INFO - User Already Exists
2026-07-15 16:08:50,207 - INFO - User Already Exists
2026-07-15 16:09:01,362 - INFO - user logged in successfully
2026-07-15 16:11:23,032 - INFO - User Already Exists
2026-07-15 16:14:09,299 - INFO - Registration Successful
2026-07-15 16:14:22,487 - INFO - User Already Exists
2026-07-15 16:18:34,513 - ERROR - login Unsuccessful
2026-07-15 16:18:35,875 - INFO - App Exited
2026-07-15 16:18:36,723 - INFO - App Exited
2026-07-16 12:07:03,643 - INFO - user logged in successfully
